{
  "Repo": {
    "ID": "61",
    "Namespace": "gogits",
    "Name": "hello-world",
    "FullName": "gogits/hello-world",
    "Perm": {},
    "Branch": "master",
    "Private": true,
    "Clone": "http://try.gogs.io/gogits/hello-world.git",
    "CloneSSH": "git@localhost:gogits/hello-world.git",
    "Link": "",
    "Created": "0001-01-01T00:00:00Z",
    "Updated": "0001-01-01T00:00:00Z"
  },
  "Release": {
    "ID": 1,
    "Title": "v1.0.0",
    "Description": "Description of the release",
    "Tag": "v1.0.0",
    "Commitish": "master",
    "Draft": false,
    "Prerelease": false,
    "Created": "2017-12-10T01:30:43Z",
    "Published": "2017-12-10T01:30:43Z"
  },
  "Sender": {
    "Login": "unknwon",
    "Name": "",
    "Email": "noreply@gogs.io",
    "Avatar": "https://secure.gravatar.com/avatar/8c58a0be77ee441bb8f8595b7f1b4e87"
  },
  "Guid": "ee8d97b4-1479-43f1-9cac-fbbd1b80da55"
}
