{
  "Ref": "refs/heads/master",
  "Before":  "9836a96a253cce25d17988fcf41b8c4205cf779f",
  "After":   "4522cbcefc20728a5b72b3a86af35e608622c514",
  "Compare": "http://try.gitea.io/gogits/hello-world/compare/9836a96a253cce25d17988fcf41b8c4205cf779f...4522cbcefc20728a5b72b3a86af35e608622c514",
  "Repo": {
    "ID": "61",
    "Namespace": "gogits",
    "Name": "hello-world",
    "FullName": "gogits/hello-world",
    "Branch": "master",
    "Private": true,
    "Clone": "http://try.gitea.io/gogits/hello-world.git",
    "CloneSSH": "git@localhost:gogits/hello-world.git",
    "Link": "http://try.gitea.io/gogits/hello-world",
    "Created": "2017-12-09T01:30:43Z",
    "Updated": "2017-12-09T01:33:08Z"
  },
  "Commit": {
    "Sha": "4522cbcefc20728a5b72b3a86af35e608622c514",
    "Message": "Updated readme\n",
    "Author": {
      "Name": "Unknwon",
      "Email": "noreply@gogs.io",
      "Date": "2017-12-09T01:35:07Z",
      "Login": "unknwon",
      "Avatar": ""
    },
    "Committer": {
      "Name": "Unknwon",
      "Email": "noreply@gogs.io",
      "Date": "2017-12-09T01:35:07Z",
      "Login": "unknwon",
      "Avatar": ""
    },
    "Link": "http://try.gitea.io/gogits/hello-world/compare/9836a96a253cce25d17988fcf41b8c4205cf779f...4522cbcefc20728a5b72b3a86af35e608622c514"
  },
  "Sender": {
    "ID": 1,
    "Login": "unknwon",
    "Name": "",
    "Email": "noreply@gogs.io",
    "Avatar": "https://secure.gravatar.com/avatar/8c58a0be77ee441bb8f8595b7f1b4e87"
  },
  "Guid": "ee8d97b4-1479-43f1-9cac-fbbd1b80da55"
}
